Archive member included to satisfy reference by file (symbol)

/home/didier/avr/template/lib/libfatfs_atmega2560.a(ff_atmega2560.o)
                              build/dskbrowser.o (symbol from plugin) (f_mount)
/home/didier/avr/template/lib/libfatfs_atmega2560.a(diskio_atmega2560.o)
                              /home/didier/avr/template/lib/libfatfs_atmega2560.a(ff_atmega2560.o) (disk_status)
/home/didier/avr/template/lib/libsdcard_atmega2560.a(sdcard_atmega2560.o)
                              /home/didier/avr/template/lib/libfatfs_atmega2560.a(diskio_atmega2560.o) (sd_init)
/home/didier/avr/template/lib/libspi_atmega2560.a(spi_atmega2560.o)
                              /home/didier/avr/template/lib/libsdcard_atmega2560.a(sdcard_atmega2560.o) (spi_cs_low)
/home/didier/avr/template/lib/libtimer_atmega2560.a(timer_atmega2560.o)
                              /home/didier/avr/template/lib/libsdcard_atmega2560.a(sdcard_atmega2560.o) (timer_delay_ms)
/usr/lib/gcc/avr/5.4.0/avr6/libgcc.a(_udivmodhi4.o)
                              /home/didier/avr/template/lib/libspi_atmega2560.a(spi_atmega2560.o) (__udivmodhi4)
/usr/lib/gcc/avr/5.4.0/avr6/libgcc.a(_udivmodsi4.o)
                              /home/didier/avr/template/lib/libfatfs_atmega2560.a(ff_atmega2560.o) (__udivmodsi4)
/usr/lib/gcc/avr/5.4.0/avr6/libgcc.a(_exit.o)
                              /usr/lib/gcc/avr/5.4.0/../../../avr/lib/avr6/crtatmega2560.o (exit)
/usr/lib/gcc/avr/5.4.0/avr6/libgcc.a(_tablejump2.o)
                              /home/didier/avr/template/lib/libsdcard_atmega2560.a(sdcard_atmega2560.o) (__tablejump2__)
/usr/lib/gcc/avr/5.4.0/avr6/libgcc.a(_copy_data.o)
                              /home/didier/avr/template/lib/libfatfs_atmega2560.a(ff_atmega2560.o) (__do_copy_data)
/usr/lib/gcc/avr/5.4.0/avr6/libgcc.a(_clear_bss.o)
                              /home/didier/avr/template/lib/libfatfs_atmega2560.a(ff_atmega2560.o) (__do_clear_bss)
/usr/lib/gcc/avr/5.4.0/avr6/libgcc.a(_muluhisi3.o)
                              /home/didier/avr/template/lib/libfatfs_atmega2560.a(ff_atmega2560.o) (__muluhisi3)
/usr/lib/gcc/avr/5.4.0/avr6/libgcc.a(_umulhisi3.o)
                              /usr/lib/gcc/avr/5.4.0/avr6/libgcc.a(_muluhisi3.o) (__umulhisi3)
/usr/lib/gcc/avr/5.4.0/../../../avr/lib/avr6/libc.a(memcmp.o)
                              /home/didier/avr/template/lib/libfatfs_atmega2560.a(ff_atmega2560.o) (memcmp)
/usr/lib/gcc/avr/5.4.0/../../../avr/lib/avr6/libc.a(memcpy.o)
                              /home/didier/avr/template/lib/libfatfs_atmega2560.a(ff_atmega2560.o) (memcpy)
/usr/lib/gcc/avr/5.4.0/../../../avr/lib/avr6/libc.a(memset.o)
                              /home/didier/avr/template/lib/libfatfs_atmega2560.a(ff_atmega2560.o) (memset)
/usr/lib/gcc/avr/5.4.0/../../../avr/lib/avr6/libc.a(strchr.o)
                              /home/didier/avr/template/lib/libfatfs_atmega2560.a(ff_atmega2560.o) (strchr)
/usr/lib/gcc/avr/5.4.0/../../../avr/lib/avr6/libc.a(fgetc.o)
                              build/dskbrowser.o (symbol from plugin) (fgetc)
/usr/lib/gcc/avr/5.4.0/../../../avr/lib/avr6/libc.a(iob.o)
                              build/dskbrowser.o (symbol from plugin) (__iob)
/usr/lib/gcc/avr/5.4.0/../../../avr/lib/avr6/libc.a(strcmp.o)
                              /tmp/ccXgYX5u.ltrans0.ltrans.o (strcmp)
/usr/lib/gcc/avr/5.4.0/../../../avr/lib/avr6/libc.a(strcpy.o)
                              /tmp/ccXgYX5u.ltrans0.ltrans.o (strcpy)
/usr/lib/gcc/avr/5.4.0/../../../avr/lib/avr6/libc.a(printf.o)
                              /tmp/ccXgYX5u.ltrans0.ltrans.o (printf)
/usr/lib/gcc/avr/5.4.0/../../../avr/lib/avr6/libc.a(putchar.o)
                              /tmp/ccXgYX5u.ltrans0.ltrans.o (putchar)
/usr/lib/gcc/avr/5.4.0/../../../avr/lib/avr6/libc.a(puts.o)
                              /tmp/ccXgYX5u.ltrans0.ltrans.o (puts)
/usr/lib/gcc/avr/5.4.0/../../../avr/lib/avr6/libc.a(scanf.o)
                              /tmp/ccXgYX5u.ltrans0.ltrans.o (scanf)
/usr/lib/gcc/avr/5.4.0/../../../avr/lib/avr6/libc.a(vfprintf_std.o)
                              /usr/lib/gcc/avr/5.4.0/../../../avr/lib/avr6/libc.a(printf.o) (vfprintf)
/usr/lib/gcc/avr/5.4.0/../../../avr/lib/avr6/libc.a(vfscanf_std.o)
                              /usr/lib/gcc/avr/5.4.0/../../../avr/lib/avr6/libc.a(scanf.o) (vfscanf)
/usr/lib/gcc/avr/5.4.0/../../../avr/lib/avr6/libc.a(isspace.o)
                              /usr/lib/gcc/avr/5.4.0/../../../avr/lib/avr6/libc.a(vfscanf_std.o) (isspace)
/usr/lib/gcc/avr/5.4.0/../../../avr/lib/avr6/libc.a(strchr_P.o)
                              /usr/lib/gcc/avr/5.4.0/../../../avr/lib/avr6/libc.a(vfscanf_std.o) (strchr_P)
/usr/lib/gcc/avr/5.4.0/../../../avr/lib/avr6/libc.a(strnlen_P.o)
                              /usr/lib/gcc/avr/5.4.0/../../../avr/lib/avr6/libc.a(vfprintf_std.o) (strnlen_P)
/usr/lib/gcc/avr/5.4.0/../../../avr/lib/avr6/libc.a(strnlen.o)
                              /usr/lib/gcc/avr/5.4.0/../../../avr/lib/avr6/libc.a(vfprintf_std.o) (strnlen)
/usr/lib/gcc/avr/5.4.0/../../../avr/lib/avr6/libc.a(fputc.o)
                              /usr/lib/gcc/avr/5.4.0/../../../avr/lib/avr6/libc.a(putchar.o) (fputc)
/usr/lib/gcc/avr/5.4.0/../../../avr/lib/avr6/libc.a(ungetc.o)
                              /usr/lib/gcc/avr/5.4.0/../../../avr/lib/avr6/libc.a(vfscanf_std.o) (ungetc)
/usr/lib/gcc/avr/5.4.0/../../../avr/lib/avr6/libc.a(ultoa_invert.o)
                              /usr/lib/gcc/avr/5.4.0/../../../avr/lib/avr6/libc.a(vfprintf_std.o) (__ultoa_invert)
/usr/lib/gcc/avr/5.4.0/../../../avr/lib/avr6/libc.a(cty_isfalse.o)
                              /usr/lib/gcc/avr/5.4.0/../../../avr/lib/avr6/libc.a(isspace.o) (__ctype_isfalse)

Allocating common symbols
Common symbol       size              file

sdcard_type         0x1               /home/didier/avr/template/lib/libsdcard_atmega2560.a(sdcard_atmega2560.o)
__iob               0x6               /usr/lib/gcc/avr/5.4.0/../../../avr/lib/avr6/libc.a(iob.o)

Discarded input sections

 .data          0x0000000000000000        0x0 /usr/lib/gcc/avr/5.4.0/../../../avr/lib/avr6/crtatmega2560.o
 .bss           0x0000000000000000        0x0 /usr/lib/gcc/avr/5.4.0/../../../avr/lib/avr6/crtatmega2560.o
 .text          0x0000000000000000        0x0 build/dskbrowser.o (symbol from plugin)
 .text          0x0000000000000000        0x0 build/uart_console.o (symbol from plugin)
 .text          0x0000000000000000        0x0 /home/didier/avr/template/lib/libfatfs_atmega2560.a(ff_atmega2560.o)
 .data          0x0000000000000000        0x0 /home/didier/avr/template/lib/libfatfs_atmega2560.a(ff_atmega2560.o)
 .bss           0x0000000000000000        0x0 /home/didier/avr/template/lib/libfatfs_atmega2560.a(ff_atmega2560.o)
 .text.f_write  0x0000000000000000      0x368 /home/didier/avr/template/lib/libfatfs_atmega2560.a(ff_atmega2560.o)
 .text.f_stat   0x0000000000000000       0x8c /home/didier/avr/template/lib/libfatfs_atmega2560.a(ff_atmega2560.o)
 .text.f_getfree
                0x0000000000000000      0x206 /home/didier/avr/template/lib/libfatfs_atmega2560.a(ff_atmega2560.o)
 .text.f_truncate
                0x0000000000000000      0x11e /home/didier/avr/template/lib/libfatfs_atmega2560.a(ff_atmega2560.o)
 .text.f_unlink
                0x0000000000000000      0x14a /home/didier/avr/template/lib/libfatfs_atmega2560.a(ff_atmega2560.o)
 .text.f_mkdir  0x0000000000000000      0x24a /home/didier/avr/template/lib/libfatfs_atmega2560.a(ff_atmega2560.o)
 .text.f_rename
                0x0000000000000000      0x238 /home/didier/avr/template/lib/libfatfs_atmega2560.a(ff_atmega2560.o)
 .text          0x0000000000000000        0x0 /home/didier/avr/template/lib/libfatfs_atmega2560.a(diskio_atmega2560.o)
 .data          0x0000000000000000        0x0 /home/didier/avr/template/lib/libfatfs_atmega2560.a(diskio_atmega2560.o)
 .bss           0x0000000000000000        0x0 /home/didier/avr/template/lib/libfatfs_atmega2560.a(diskio_atmega2560.o)
 .text          0x0000000000000000        0x0 /home/didier/avr/template/lib/libsdcard_atmega2560.a(sdcard_atmega2560.o)
 .data          0x0000000000000000        0x0 /home/didier/avr/template/lib/libsdcard_atmega2560.a(sdcard_atmega2560.o)
 .bss           0x0000000000000000        0x0 /home/didier/avr/template/lib/libsdcard_atmega2560.a(sdcard_atmega2560.o)
 .text.sd_error_string
                0x0000000000000000       0x1c /home/didier/avr/template/lib/libsdcard_atmega2560.a(sdcard_atmega2560.o)
 .rodata.str1.1
                0x0000000000000000      0x1da /home/didier/avr/template/lib/libsdcard_atmega2560.a(sdcard_atmega2560.o)
 .rodata.CSWTCH.17
                0x0000000000000000       0x86 /home/didier/avr/template/lib/libsdcard_atmega2560.a(sdcard_atmega2560.o)
 .text          0x0000000000000000        0x0 /home/didier/avr/template/lib/libspi_atmega2560.a(spi_atmega2560.o)
 .data          0x0000000000000000        0x0 /home/didier/avr/template/lib/libspi_atmega2560.a(spi_atmega2560.o)
 .bss           0x0000000000000000        0x0 /home/didier/avr/template/lib/libspi_atmega2560.a(spi_atmega2560.o)
 .text          0x0000000000000000        0x0 /home/didier/avr/template/lib/libtimer_atmega2560.a(timer_atmega2560.o)
 .data          0x0000000000000000        0x0 /home/didier/avr/template/lib/libtimer_atmega2560.a(timer_atmega2560.o)
 .bss           0x0000000000000000        0x0 /home/didier/avr/template/lib/libtimer_atmega2560.a(timer_atmega2560.o)
 .text.timer_cpu_speed
                0x0000000000000000        0x4 /home/didier/avr/template/lib/libtimer_atmega2560.a(timer_atmega2560.o)
 .text.timer_is_running
                0x0000000000000000        0x6 /home/didier/avr/template/lib/libtimer_atmega2560.a(timer_atmega2560.o)
 .text.timer_get_frequency_hz
                0x0000000000000000        0xa /home/didier/avr/template/lib/libtimer_atmega2560.a(timer_atmega2560.o)
 .text.timer_get_ticks_per_ms
                0x0000000000000000        0xa /home/didier/avr/template/lib/libtimer_atmega2560.a(timer_atmega2560.o)
 .text.timer_get_ticks_per_us
                0x0000000000000000        0x6 /home/didier/avr/template/lib/libtimer_atmega2560.a(timer_atmega2560.o)
 .text.timer_ticks_to_us
                0x0000000000000000       0x18 /home/didier/avr/template/lib/libtimer_atmega2560.a(timer_atmega2560.o)
 .text.timer_ticks_to_ms
                0x0000000000000000       0x16 /home/didier/avr/template/lib/libtimer_atmega2560.a(timer_atmega2560.o)
 .text.timer_delay_us
                0x0000000000000000       0x60 /home/didier/avr/template/lib/libtimer_atmega2560.a(timer_atmega2560.o)
 .text          0x0000000000000000        0x0 /usr/lib/gcc/avr/5.4.0/avr6/libgcc.a(_udivmodhi4.o)
 .data          0x0000000000000000        0x0 /usr/lib/gcc/avr/5.4.0/avr6/libgcc.a(_udivmodhi4.o)
 .bss           0x0000000000000000        0x0 /usr/lib/gcc/avr/5.4.0/avr6/libgcc.a(_udivmodhi4.o)
 .text.libgcc.mul
                0x0000000000000000        0x0 /usr/lib/gcc/avr/5.4.0/avr6/libgcc.a(_udivmodhi4.o)
 .text.libgcc   0x0000000000000000        0x0 /usr/lib/gcc/avr/5.4.0/avr6/libgcc.a(_udivmodhi4.o)
 .text.libgcc.prologue
                0x0000000000000000        0x0 /usr/lib/gcc/avr/5.4.0/avr6/libgcc.a(_udivmodhi4.o)
 .text.libgcc.builtins
                0x0000000000000000        0x0 /usr/lib/gcc/avr/5.4.0/avr6/libgcc.a(_udivmodhi4.o)
 .text.libgcc.fmul
                0x0000000000000000        0x0 /usr/lib/gcc/avr/5.4.0/avr6/libgcc.a(_udivmodhi4.o)
 .text.libgcc.fixed
                0x0000000000000000        0x0 /usr/lib/gcc/avr/5.4.0/avr6/libgcc.a(_udivmodhi4.o)
 .text          0x0000000000000000        0x0 /usr/lib/gcc/avr/5.4.0/avr6/libgcc.a(_udivmodsi4.o)
 .data          0x0000000000000000        0x0 /usr/lib/gcc/avr/5.4.0/avr6/libgcc.a(_udivmodsi4.o)
 .bss           0x0000000000000000        0x0 /usr/lib/gcc/avr/5.4.0/avr6/libgcc.a(_udivmodsi4.o)
 .text.libgcc.mul
                0x0000000000000000        0x0 /usr/lib/gcc/avr/5.4.0/avr6/libgcc.a(_udivmodsi4.o)
 .text.libgcc   0x0000000000000000        0x0 /usr/lib/gcc/avr/5.4.0/avr6/libgcc.a(_udivmodsi4.o)
 .text.libgcc.prologue
                0x0000000000000000        0x0 /usr/lib/gcc/avr/5.4.0/avr6/libgcc.a(_udivmodsi4.o)
 .text.libgcc.builtins
                0x0000000000000000        0x0 /usr/lib/gcc/avr/5.4.0/avr6/libgcc.a(_udivmodsi4.o)
 .text.libgcc.fmul
                0x0000000000000000        0x0 /usr/lib/gcc/avr/5.4.0/avr6/libgcc.a(_udivmodsi4.o)
 .text.libgcc.fixed
                0x0000000000000000        0x0 /usr/lib/gcc/avr/5.4.0/avr6/libgcc.a(_udivmodsi4.o)
 .text          0x0000000000000000        0x0 /usr/lib/gcc/avr/5.4.0/avr6/libgcc.a(_exit.o)
 .data          0x0000000000000000        0x0 /usr/lib/gcc/avr/5.4.0/avr6/libgcc.a(_exit.o)
 .bss           0x0000000000000000        0x0 /usr/lib/gcc/avr/5.4.0/avr6/libgcc.a(_exit.o)
 .text.libgcc.mul
                0x0000000000000000        0x0 /usr/lib/gcc/avr/5.4.0/avr6/libgcc.a(_exit.o)
 .text.libgcc.div
                0x0000000000000000        0x0 /usr/lib/gcc/avr/5.4.0/avr6/libgcc.a(_exit.o)
 .text.libgcc   0x0000000000000000        0x0 /usr/lib/gcc/avr/5.4.0/avr6/libgcc.a(_exit.o)
 .text.libgcc.prologue
                0x0000000000000000        0x0 /usr/lib/gcc/avr/5.4.0/avr6/libgcc.a(_exit.o)
 .text.libgcc.builtins
                0x0000000000000000        0x0 /usr/lib/gcc/avr/5.4.0/avr6/libgcc.a(_exit.o)
 .text.libgcc.fmul
                0x0000000000000000        0x0 /usr/lib/gcc/avr/5.4.0/avr6/libgcc.a(_exit.o)
 .text.libgcc.fixed
                0x0000000000000000        0x0 /usr/lib/gcc/avr/5.4.0/avr6/libgcc.a(_exit.o)
 .text          0x0000000000000000        0x0 /usr/lib/gcc/avr/5.4.0/avr6/libgcc.a(_tablejump2.o)
 .data          0x0000000000000000        0x0 /usr/lib/gcc/avr/5.4.0/avr6/libgcc.a(_tablejump2.o)
 .bss           0x0000000000000000        0x0 /usr/lib/gcc/avr/5.4.0/avr6/libgcc.a(_tablejump2.o)
 .text.libgcc.mul
                0x0000000000000000        0x0 /usr/lib/gcc/avr/5.4.0/avr6/libgcc.a(_tablejump2.o)
 .text.libgcc.div
                0x0000000000000000        0x0 /usr/lib/gcc/avr/5.4.0/avr6/libgcc.a(_tablejump2.o)
 .text.libgcc.prologue
                0x0000000000000000        0x0 /usr/lib/gcc/avr/5.4.0/avr6/libgcc.a(_tablejump2.o)
 .text.libgcc.builtins
                0x0000000000000000        0x0 /usr/lib/gcc/avr/5.4.0/avr6/libgcc.a(_tablejump2.o)
 .text.libgcc.fmul
                0x0000000000000000        0x0 /usr/lib/gcc/avr/5.4.0/avr6/libgcc.a(_tablejump2.o)
 .text.libgcc.fixed
                0x0000000000000000        0x0 /usr/lib/gcc/avr/5.4.0/avr6/libgcc.a(_tablejump2.o)
 .text          0x0000000000000000        0x0 /usr/lib/gcc/avr/5.4.0/avr6/libgcc.a(_copy_data.o)
 .data          0x0000000000000000        0x0 /usr/lib/gcc/avr/5.4.0/avr6/libgcc.a(_copy_data.o)
 .bss           0x0000000000000000        0x0 /usr/lib/gcc/avr/5.4.0/avr6/libgcc.a(_copy_data.o)
 .text.libgcc.mul
                0x0000000000000000        0x0 /usr/lib/gcc/avr/5.4.0/avr6/libgcc.a(_copy_data.o)
 .text.libgcc.div
                0x0000000000000000        0x0 /usr/lib/gcc/avr/5.4.0/avr6/libgcc.a(_copy_data.o)
 .text.libgcc   0x0000000000000000        0x0 /usr/lib/gcc/avr/5.4.0/avr6/libgcc.a(_copy_data.o)
 .text.libgcc.prologue
                0x0000000000000000        0x0 /usr/lib/gcc/avr/5.4.0/avr6/libgcc.a(_copy_data.o)
 .text.libgcc.builtins
                0x0000000000000000        0x0 /usr/lib/gcc/avr/5.4.0/avr6/libgcc.a(_copy_data.o)
 .text.libgcc.fmul
                0x0000000000000000        0x0 /usr/lib/gcc/avr/5.4.0/avr6/libgcc.a(_copy_data.o)
 .text.libgcc.fixed
                0x0000000000000000        0x0 /usr/lib/gcc/avr/5.4.0/avr6/libgcc.a(_copy_data.o)
 .text          0x0000000000000000        0x0 /usr/lib/gcc/avr/5.4.0/avr6/libgcc.a(_clear_bss.o)
 .data          0x0000000000000000        0x0 /usr/lib/gcc/avr/5.4.0/avr6/libgcc.a(_clear_bss.o)
 .bss           0x0000000000000000        0x0 /usr/lib/gcc/avr/5.4.0/avr6/libgcc.a(_clear_bss.o)
 .text.libgcc.mul
                0x0000000000000000        0x0 /usr/lib/gcc/avr/5.4.0/avr6/libgcc.a(_clear_bss.o)
 .text.libgcc.div
                0x0000000000000000        0x0 /usr/lib/gcc/avr/5.4.0/avr6/libgcc.a(_clear_bss.o)
 .text.libgcc   0x0000000000000000        0x0 /usr/lib/gcc/avr/5.4.0/avr6/libgcc.a(_clear_bss.o)
 .text.libgcc.prologue
                0x0000000000000000        0x0 /usr/lib/gcc/avr/5.4.0/avr6/libgcc.a(_clear_bss.o)
 .text.libgcc.builtins
                0x0000000000000000        0x0 /usr/lib/gcc/avr/5.4.0/avr6/libgcc.a(_clear_bss.o)
 .text.libgcc.fmul
                0x0000000000000000        0x0 /usr/lib/gcc/avr/5.4.0/avr6/libgcc.a(_clear_bss.o)
 .text.libgcc.fixed
                0x0000000000000000        0x0 /usr/lib/gcc/avr/5.4.0/avr6/libgcc.a(_clear_bss.o)
 .text          0x0000000000000000        0x0 /usr/lib/gcc/avr/5.4.0/avr6/libgcc.a(_muluhisi3.o)
 .data          0x0000000000000000        0x0 /usr/lib/gcc/avr/5.4.0/avr6/libgcc.a(_muluhisi3.o)
 .bss           0x0000000000000000        0x0 /usr/lib/gcc/avr/5.4.0/avr6/libgcc.a(_muluhisi3.o)
 .text.libgcc.div
                0x0000000000000000        0x0 /usr/lib/gcc/avr/5.4.0/avr6/libgcc.a(_muluhisi3.o)
 .text.libgcc   0x0000000000000000        0x0 /usr/lib/gcc/avr/5.4.0/avr6/libgcc.a(_muluhisi3.o)
 .text.libgcc.prologue
                0x0000000000000000        0x0 /usr/lib/gcc/avr/5.4.0/avr6/libgcc.a(_muluhisi3.o)
 .text.libgcc.builtins
                0x0000000000000000        0x0 /usr/lib/gcc/avr/5.4.0/avr6/libgcc.a(_muluhisi3.o)
 .text.libgcc.fmul
                0x0000000000000000        0x0 /usr/lib/gcc/avr/5.4.0/avr6/libgcc.a(_muluhisi3.o)
 .text.libgcc.fixed
                0x0000000000000000        0x0 /usr/lib/gcc/avr/5.4.0/avr6/libgcc.a(_muluhisi3.o)
 .text          0x0000000000000000        0x0 /usr/lib/gcc/avr/5.4.0/avr6/libgcc.a(_umulhisi3.o)
 .data          0x0000000000000000        0x0 /usr/lib/gcc/avr/5.4.0/avr6/libgcc.a(_umulhisi3.o)
 .bss           0x0000000000000000        0x0 /usr/lib/gcc/avr/5.4.0/avr6/libgcc.a(_umulhisi3.o)
 .text.libgcc.div
                0x0000000000000000        0x0 /usr/lib/gcc/avr/5.4.0/avr6/libgcc.a(_umulhisi3.o)
 .text.libgcc   0x0000000000000000        0x0 /usr/lib/gcc/avr/5.4.0/avr6/libgcc.a(_umulhisi3.o)
 .text.libgcc.prologue
                0x0000000000000000        0x0 /usr/lib/gcc/avr/5.4.0/avr6/libgcc.a(_umulhisi3.o)
 .text.libgcc.builtins
                0x0000000000000000        0x0 /usr/lib/gcc/avr/5.4.0/avr6/libgcc.a(_umulhisi3.o)
 .text.libgcc.fmul
                0x0000000000000000        0x0 /usr/lib/gcc/avr/5.4.0/avr6/libgcc.a(_umulhisi3.o)
 .text.libgcc.fixed
                0x0000000000000000        0x0 /usr/lib/gcc/avr/5.4.0/avr6/libgcc.a(_umulhisi3.o)
 .text          0x0000000000000000        0x0 /usr/lib/gcc/avr/5.4.0/../../../avr/lib/avr6/libc.a(memcmp.o)
 .data          0x0000000000000000        0x0 /usr/lib/gcc/avr/5.4.0/../../../avr/lib/avr6/libc.a(memcmp.o)
 .bss           0x0000000000000000        0x0 /usr/lib/gcc/avr/5.4.0/../../../avr/lib/avr6/libc.a(memcmp.o)
 .text          0x0000000000000000        0x0 /usr/lib/gcc/avr/5.4.0/../../../avr/lib/avr6/libc.a(memcpy.o)
 .data          0x0000000000000000        0x0 /usr/lib/gcc/avr/5.4.0/../../../avr/lib/avr6/libc.a(memcpy.o)
 .bss           0x0000000000000000        0x0 /usr/lib/gcc/avr/5.4.0/../../../avr/lib/avr6/libc.a(memcpy.o)
 .text          0x0000000000000000        0x0 /usr/lib/gcc/avr/5.4.0/../../../avr/lib/avr6/libc.a(memset.o)
 .data          0x0000000000000000        0x0 /usr/lib/gcc/avr/5.4.0/../../../avr/lib/avr6/libc.a(memset.o)
 .bss           0x0000000000000000        0x0 /usr/lib/gcc/avr/5.4.0/../../../avr/lib/avr6/libc.a(memset.o)
 .text          0x0000000000000000        0x0 /usr/lib/gcc/avr/5.4.0/../../../avr/lib/avr6/libc.a(strchr.o)
 .data          0x0000000000000000        0x0 /usr/lib/gcc/avr/5.4.0/../../../avr/lib/avr6/libc.a(strchr.o)
 .bss           0x0000000000000000        0x0 /usr/lib/gcc/avr/5.4.0/../../../avr/lib/avr6/libc.a(strchr.o)
 .text          0x0000000000000000        0x0 /usr/lib/gcc/avr/5.4.0/../../../avr/lib/avr6/libc.a(fgetc.o)
 .data          0x0000000000000000        0x0 /usr/lib/gcc/avr/5.4.0/../../../avr/lib/avr6/libc.a(fgetc.o)
 .bss           0x0000000000000000        0x0 /usr/lib/gcc/avr/5.4.0/../../../avr/lib/avr6/libc.a(fgetc.o)
 .text          0x0000000000000000        0x0 /usr/lib/gcc/avr/5.4.0/../../../avr/lib/avr6/libc.a(iob.o)
 .data          0x0000000000000000        0x0 /usr/lib/gcc/avr/5.4.0/../../../avr/lib/avr6/libc.a(iob.o)
 .bss           0x0000000000000000        0x0 /usr/lib/gcc/avr/5.4.0/../../../avr/lib/avr6/libc.a(iob.o)
 .text          0x0000000000000000        0x0 /usr/lib/gcc/avr/5.4.0/../../../avr/lib/avr6/libc.a(strcmp.o)
 .data          0x0000000000000000        0x0 /usr/lib/gcc/avr/5.4.0/../../../avr/lib/avr6/libc.a(strcmp.o)
 .bss           0x0000000000000000        0x0 /usr/lib/gcc/avr/5.4.0/../../../avr/lib/avr6/libc.a(strcmp.o)
 .text          0x0000000000000000        0x0 /usr/lib/gcc/avr/5.4.0/../../../avr/lib/avr6/libc.a(strcpy.o)
 .data          0x0000000000000000        0x0 /usr/lib/gcc/avr/5.4.0/../../../avr/lib/avr6/libc.a(strcpy.o)
 .bss           0x0000000000000000        0x0 /usr/lib/gcc/avr/5.4.0/../../../avr/lib/avr6/libc.a(strcpy.o)
 .text          0x0000000000000000        0x0 /usr/lib/gcc/avr/5.4.0/../../../avr/lib/avr6/libc.a(printf.o)
 .data          0x0000000000000000        0x0 /usr/lib/gcc/avr/5.4.0/../../../avr/lib/avr6/libc.a(printf.o)
 .bss           0x0000000000000000        0x0 /usr/lib/gcc/avr/5.4.0/../../../avr/lib/avr6/libc.a(printf.o)
 .text          0x0000000000000000        0x0 /usr/lib/gcc/avr/5.4.0/../../../avr/lib/avr6/libc.a(putchar.o)
 .data          0x0000000000000000        0x0 /usr/lib/gcc/avr/5.4.0/../../../avr/lib/avr6/libc.a(putchar.o)
 .bss           0x0000000000000000        0x0 /usr/lib/gcc/avr/5.4.0/../../../avr/lib/avr6/libc.a(putchar.o)
 .text          0x0000000000000000        0x0 /usr/lib/gcc/avr/5.4.0/../../../avr/lib/avr6/libc.a(puts.o)
 .data          0x0000000000000000        0x0 /usr/lib/gcc/avr/5.4.0/../../../avr/lib/avr6/libc.a(puts.o)
 .bss           0x0000000000000000        0x0 /usr/lib/gcc/avr/5.4.0/../../../avr/lib/avr6/libc.a(puts.o)
 .text          0x0000000000000000        0x0 /usr/lib/gcc/avr/5.4.0/../../../avr/lib/avr6/libc.a(scanf.o)
 .data          0x0000000000000000        0x0 /usr/lib/gcc/avr/5.4.0/../../../avr/lib/avr6/libc.a(scanf.o)
 .bss           0x0000000000000000        0x0 /usr/lib/gcc/avr/5.4.0/../../../avr/lib/avr6/libc.a(scanf.o)
 .text          0x0000000000000000        0x0 /usr/lib/gcc/avr/5.4.0/../../../avr/lib/avr6/libc.a(vfprintf_std.o)
 .data          0x0000000000000000        0x0 /usr/lib/gcc/avr/5.4.0/../../../avr/lib/avr6/libc.a(vfprintf_std.o)
 .bss           0x0000000000000000        0x0 /usr/lib/gcc/avr/5.4.0/../../../avr/lib/avr6/libc.a(vfprintf_std.o)
 .text          0x0000000000000000        0x0 /usr/lib/gcc/avr/5.4.0/../../../avr/lib/avr6/libc.a(vfscanf_std.o)
 .data          0x0000000000000000        0x0 /usr/lib/gcc/avr/5.4.0/../../../avr/lib/avr6/libc.a(vfscanf_std.o)
 .bss           0x0000000000000000        0x0 /usr/lib/gcc/avr/5.4.0/../../../avr/lib/avr6/libc.a(vfscanf_std.o)
 .text          0x0000000000000000        0x0 /usr/lib/gcc/avr/5.4.0/../../../avr/lib/avr6/libc.a(isspace.o)
 .data          0x0000000000000000        0x0 /usr/lib/gcc/avr/5.4.0/../../../avr/lib/avr6/libc.a(isspace.o)
 .bss           0x0000000000000000        0x0 /usr/lib/gcc/avr/5.4.0/../../../avr/lib/avr6/libc.a(isspace.o)
 .text          0x0000000000000000        0x0 /usr/lib/gcc/avr/5.4.0/../../../avr/lib/avr6/libc.a(strchr_P.o)
 .data          0x0000000000000000        0x0 /usr/lib/gcc/avr/5.4.0/../../../avr/lib/avr6/libc.a(strchr_P.o)
 .bss           0x0000000000000000        0x0 /usr/lib/gcc/avr/5.4.0/../../../avr/lib/avr6/libc.a(strchr_P.o)
 .text          0x0000000000000000        0x0 /usr/lib/gcc/avr/5.4.0/../../../avr/lib/avr6/libc.a(strnlen_P.o)
 .data          0x0000000000000000        0x0 /usr/lib/gcc/avr/5.4.0/../../../avr/lib/avr6/libc.a(strnlen_P.o)
 .bss           0x0000000000000000        0x0 /usr/lib/gcc/avr/5.4.0/../../../avr/lib/avr6/libc.a(strnlen_P.o)
 .text          0x0000000000000000        0x0 /usr/lib/gcc/avr/5.4.0/../../../avr/lib/avr6/libc.a(strnlen.o)
 .data          0x0000000000000000        0x0 /usr/lib/gcc/avr/5.4.0/../../../avr/lib/avr6/libc.a(strnlen.o)
 .bss           0x0000000000000000        0x0 /usr/lib/gcc/avr/5.4.0/../../../avr/lib/avr6/libc.a(strnlen.o)
 .text          0x0000000000000000        0x0 /usr/lib/gcc/avr/5.4.0/../../../avr/lib/avr6/libc.a(fputc.o)
 .data          0x0000000000000000        0x0 /usr/lib/gcc/avr/5.4.0/../../../avr/lib/avr6/libc.a(fputc.o)
 .bss           0x0000000000000000        0x0 /usr/lib/gcc/avr/5.4.0/../../../avr/lib/avr6/libc.a(fputc.o)
 .text          0x0000000000000000        0x0 /usr/lib/gcc/avr/5.4.0/../../../avr/lib/avr6/libc.a(ungetc.o)
 .data          0x0000000000000000        0x0 /usr/lib/gcc/avr/5.4.0/../../../avr/lib/avr6/libc.a(ungetc.o)
 .bss           0x0000000000000000        0x0 /usr/lib/gcc/avr/5.4.0/../../../avr/lib/avr6/libc.a(ungetc.o)
 .text          0x0000000000000000        0x0 /usr/lib/gcc/avr/5.4.0/../../../avr/lib/avr6/libc.a(ultoa_invert.o)
 .data          0x0000000000000000        0x0 /usr/lib/gcc/avr/5.4.0/../../../avr/lib/avr6/libc.a(ultoa_invert.o)
 .bss           0x0000000000000000        0x0 /usr/lib/gcc/avr/5.4.0/../../../avr/lib/avr6/libc.a(ultoa_invert.o)
 .text          0x0000000000000000        0x0 /usr/lib/gcc/avr/5.4.0/../../../avr/lib/avr6/libc.a(cty_isfalse.o)
 .data          0x0000000000000000        0x0 /usr/lib/gcc/avr/5.4.0/../../../avr/lib/avr6/libc.a(cty_isfalse.o)
 .bss           0x0000000000000000        0x0 /usr/lib/gcc/avr/5.4.0/../../../avr/lib/avr6/libc.a(cty_isfalse.o)

Memory Configuration

Name             Origin             Length             Attributes
text             0x0000000000000000 0x0000000000040000 xr
data             0x0000000000800200 0x0000000000002000 rw !x
eeprom           0x0000000000810000 0x0000000000001000 rw !x
fuse             0x0000000000820000 0x0000000000000003 rw !x
lock             0x0000000000830000 0x0000000000000400 rw !x
signature        0x0000000000840000 0x0000000000000400 rw !x
user_signatures  0x0000000000850000 0x0000000000000400 rw !x
*default*        0x0000000000000000 0xffffffffffffffff

Linker script and memory map

Address of section .data set to 0x800200
LOAD /usr/lib/gcc/avr/5.4.0/../../../avr/lib/avr6/crtatmega2560.o
LOAD build/dskbrowser.o
LOAD /tmp/ccXgYX5u.ltrans0.ltrans.o
LOAD build/uart_console.o
LOAD /home/didier/avr/template/lib/libfatfs_atmega2560.a
LOAD /home/didier/avr/template/lib/libsdcard_atmega2560.a
LOAD /home/didier/avr/template/lib/libspi_atmega2560.a
LOAD /home/didier/avr/template/lib/libtimer_atmega2560.a
START GROUP
LOAD /usr/lib/gcc/avr/5.4.0/avr6/libgcc.a
LOAD /usr/lib/gcc/avr/5.4.0/../../../avr/lib/avr6/libm.a
LOAD /usr/lib/gcc/avr/5.4.0/../../../avr/lib/avr6/libc.a
LOAD /usr/lib/gcc/avr/5.4.0/../../../avr/lib/avr6/libatmega2560.a
END GROUP
                0x0000000000000000                __TEXT_REGION_ORIGIN__ = DEFINED (__TEXT_REGION_ORIGIN__)?__TEXT_REGION_ORIGIN__:0x0
                [0x0000000000800200]                __DATA_REGION_ORIGIN__ = DEFINED (__DATA_REGION_ORIGIN__)?__DATA_REGION_ORIGIN__:0x800200
                [0x0000000000040000]                __TEXT_REGION_LENGTH__ = DEFINED (__TEXT_REGION_LENGTH__)?__TEXT_REGION_LENGTH__:0x100000
                [0x0000000000002000]                __DATA_REGION_LENGTH__ = DEFINED (__DATA_REGION_LENGTH__)?__DATA_REGION_LENGTH__:0xfe00
                [0x0000000000001000]                __EEPROM_REGION_LENGTH__ = DEFINED (__EEPROM_REGION_LENGTH__)?__EEPROM_REGION_LENGTH__:0x10000
                [0x0000000000000003]                __FUSE_REGION_LENGTH__ = DEFINED (__FUSE_REGION_LENGTH__)?__FUSE_REGION_LENGTH__:0x400
                0x0000000000000400                __LOCK_REGION_LENGTH__ = DEFINED (__LOCK_REGION_LENGTH__)?__LOCK_REGION_LENGTH__:0x400
                0x0000000000000400                __SIGNATURE_REGION_LENGTH__ = DEFINED (__SIGNATURE_REGION_LENGTH__)?__SIGNATURE_REGION_LENGTH__:0x400
                0x0000000000000400                __USER_SIGNATURE_REGION_LENGTH__ = DEFINED (__USER_SIGNATURE_REGION_LENGTH__)?__USER_SIGNATURE_REGION_LENGTH__:0x400

.hash
 *(.hash)

.dynsym
 *(.dynsym)

.dynstr
 *(.dynstr)

.gnu.version
 *(.gnu.version)

.gnu.version_d
 *(.gnu.version_d)

.gnu.version_r
 *(.gnu.version_r)

.rel.init
 *(.rel.init)

.rela.init
 *(.rela.init)

.rel.text
 *(.rel.text)
 *(.rel.text.*)
 *(.rel.gnu.linkonce.t*)

.rela.text
 *(.rela.text)
 *(.rela.text.*)
 *(.rela.gnu.linkonce.t*)

.rel.fini
 *(.rel.fini)

.rela.fini
 *(.rela.fini)

.rel.rodata
 *(.rel.rodata)
 *(.rel.rodata.*)
 *(.rel.gnu.linkonce.r*)

.rela.rodata
 *(.rela.rodata)
 *(.rela.rodata.*)
 *(.rela.gnu.linkonce.r*)

.rel.data
 *(.rel.data)
 *(.rel.data.*)
 *(.rel.gnu.linkonce.d*)

.rela.data
 *(.rela.data)
 *(.rela.data.*)
 *(.rela.gnu.linkonce.d*)

.rel.ctors
 *(.rel.ctors)

.rela.ctors
 *(.rela.ctors)

.rel.dtors
 *(.rel.dtors)

.rela.dtors
 *(.rela.dtors)

.rel.got
 *(.rel.got)

.rela.got
 *(.rela.got)

.rel.bss
 *(.rel.bss)

.rela.bss
 *(.rela.bss)

.rel.plt
 *(.rel.plt)

.rela.plt
 *(.rela.plt)

.text           0x0000000000000000     0x4b60
 *(.vectors)
 .vectors       0x0000000000000000       0xe4 /usr/lib/gcc/avr/5.4.0/../../../avr/lib/avr6/crtatmega2560.o
                0x0000000000000000                __vectors
                0x0000000000000000                __vector_default
 *(.vectors)
 *(.progmem.gcc*)
 .progmem.gcc_sw_table.sd_init
                0x00000000000000e4       0x10 /home/didier/avr/template/lib/libsdcard_atmega2560.a(sdcard_atmega2560.o)
                0x00000000000000f4                . = ALIGN (0x2)
                0x00000000000000f4                __trampolines_start = .
 *(.trampolines)
 .trampolines   0x00000000000000f4       0x28 linker stubs
 *(.trampolines*)
                0x000000000000011c                __trampolines_end = .
 *libprintf_flt.a:*(.progmem.data)
 *libc.a:*(.progmem.data)
 .progmem.data  0x000000000000011c        0xc /usr/lib/gcc/avr/5.4.0/../../../avr/lib/avr6/libc.a(vfscanf_std.o)
 *(.progmem*)
                0x0000000000000128                . = ALIGN (0x2)
 *(.jumptables)
 *(.jumptables*)
 *(.lowtext)
 *(.lowtext*)
                0x0000000000000128                __ctors_start = .
 *(.ctors)
                0x0000000000000128                __ctors_end = .
                0x0000000000000128                __dtors_start = .
 *(.dtors)
                0x0000000000000128                __dtors_end = .
 SORT(*)(.ctors)
 SORT(*)(.dtors)
 *(.init0)
 .init0         0x0000000000000128        0x0 /usr/lib/gcc/avr/5.4.0/../../../avr/lib/avr6/crtatmega2560.o
                0x0000000000000128                __init
 *(.init0)
 *(.init1)
 *(.init1)
 *(.init2)
 .init2         0x0000000000000128       0x10 /usr/lib/gcc/avr/5.4.0/../../../avr/lib/avr6/crtatmega2560.o
 *(.init2)
 *(.init3)
 *(.init3)
 *(.init4)
 .init4         0x0000000000000138       0x1a /usr/lib/gcc/avr/5.4.0/avr6/libgcc.a(_copy_data.o)
                0x0000000000000138                __do_copy_data
 .init4         0x0000000000000152       0x10 /usr/lib/gcc/avr/5.4.0/avr6/libgcc.a(_clear_bss.o)
                0x0000000000000152                __do_clear_bss
 *(.init4)
 *(.init5)
 *(.init5)
 *(.init6)
 *(.init6)
 *(.init7)
 *(.init7)
 *(.init8)
 *(.init8)
 *(.init9)
 .init9         0x0000000000000162        0x8 /usr/lib/gcc/avr/5.4.0/../../../avr/lib/avr6/crtatmega2560.o
 *(.init9)
 *(.text)
 .text          0x000000000000016a        0x4 /usr/lib/gcc/avr/5.4.0/../../../avr/lib/avr6/crtatmega2560.o
                0x000000000000016a                __vector_38
                0x000000000000016a                __vector_22
                0x000000000000016a                __vector_28
                0x000000000000016a                __vector_1
                0x000000000000016a                __vector_32
                0x000000000000016a                __vector_34
                0x000000000000016a                __vector_24
                0x000000000000016a                __vector_12
                0x000000000000016a                __vector_55
                0x000000000000016a                __vector_46
                0x000000000000016a                __bad_interrupt
                0x000000000000016a                __vector_6
                0x000000000000016a                __vector_31
                0x000000000000016a                __vector_35
                0x000000000000016a                __vector_39
                0x000000000000016a                __vector_3
                0x000000000000016a                __vector_23
                0x000000000000016a                __vector_30
                0x000000000000016a                __vector_45
                0x000000000000016a                __vector_25
                0x000000000000016a                __vector_11
                0x000000000000016a                __vector_54
                0x000000000000016a                __vector_13
                0x000000000000016a                __vector_17
                0x000000000000016a                __vector_19
                0x000000000000016a                __vector_56
                0x000000000000016a                __vector_7
                0x000000000000016a                __vector_49
                0x000000000000016a                __vector_41
                0x000000000000016a                __vector_43
                0x000000000000016a                __vector_27
                0x000000000000016a                __vector_5
                0x000000000000016a                __vector_33
                0x000000000000016a                __vector_47
                0x000000000000016a                __vector_52
                0x000000000000016a                __vector_37
                0x000000000000016a                __vector_4
                0x000000000000016a                __vector_44
                0x000000000000016a                __vector_51
                0x000000000000016a                __vector_9
                0x000000000000016a                __vector_2
                0x000000000000016a                __vector_21
                0x000000000000016a                __vector_15
                0x000000000000016a                __vector_36
                0x000000000000016a                __vector_29
                0x000000000000016a                __vector_40
                0x000000000000016a                __vector_8
                0x000000000000016a                __vector_26
                0x000000000000016a                __vector_48
                0x000000000000016a                __vector_14
                0x000000000000016a                __vector_53
                0x000000000000016a                __vector_10
                0x000000000000016a                __vector_50
                0x000000000000016a                __vector_16
                0x000000000000016a                __vector_18
                0x000000000000016a                __vector_20
                0x000000000000016a                __vector_42
 .text          0x000000000000016e      0x2e4 /tmp/ccXgYX5u.ltrans0.ltrans.o
                0x0000000000000448                get_fattime
                0x0000000000000452                . = ALIGN (0x2)
 *(.text.*)
 .text.startup  0x0000000000000452      0x9f6 /tmp/ccXgYX5u.ltrans0.ltrans.o
                0x0000000000000452                main
 .text.ld_32    0x0000000000000e48       0x2a /home/didier/avr/template/lib/libfatfs_atmega2560.a(ff_atmega2560.o)
 .text.clst2sect
                0x0000000000000e72       0x50 /home/didier/avr/template/lib/libfatfs_atmega2560.a(ff_atmega2560.o)
 .text.get_ldnumber
                0x0000000000000ec2       0x4e /home/didier/avr/template/lib/libfatfs_atmega2560.a(ff_atmega2560.o)
 .text.validate
                0x0000000000000f10       0x58 /home/didier/avr/template/lib/libfatfs_atmega2560.a(ff_atmega2560.o)
 .text.ld_clust.isra.2
                0x0000000000000f68       0x2a /home/didier/avr/template/lib/libfatfs_atmega2560.a(ff_atmega2560.o)
 .text.st_clust.isra.3
                0x0000000000000f92       0x1a /home/didier/avr/template/lib/libfatfs_atmega2560.a(ff_atmega2560.o)
 .text.get_fileinfo
                0x0000000000000fac       0xb8 /home/didier/avr/template/lib/libfatfs_atmega2560.a(ff_atmega2560.o)
 .text.sync_window
                0x0000000000001064       0xac /home/didier/avr/template/lib/libfatfs_atmega2560.a(ff_atmega2560.o)
 .text.move_window.part.6
                0x0000000000001110       0x6a /home/didier/avr/template/lib/libfatfs_atmega2560.a(ff_atmega2560.o)
 .text.move_window
                0x000000000000117a       0x2a /home/didier/avr/template/lib/libfatfs_atmega2560.a(ff_atmega2560.o)
 .text.check_fs.part.7
                0x00000000000011a4       0xf0 /home/didier/avr/template/lib/libfatfs_atmega2560.a(ff_atmega2560.o)
 .text.get_fat.isra.9
                0x0000000000001294      0x184 /home/didier/avr/template/lib/libfatfs_atmega2560.a(ff_atmega2560.o)
 .text.dir_clear
                0x0000000000001418       0xb6 /home/didier/avr/template/lib/libfatfs_atmega2560.a(ff_atmega2560.o)
 .text.dir_sdi.constprop.14
                0x00000000000014ce      0x104 /home/didier/avr/template/lib/libfatfs_atmega2560.a(ff_atmega2560.o)
 .text.mount_volume
                0x00000000000015d2      0x56e /home/didier/avr/template/lib/libfatfs_atmega2560.a(ff_atmega2560.o)
 .text.put_fat  0x0000000000001b40      0x262 /home/didier/avr/template/lib/libfatfs_atmega2560.a(ff_atmega2560.o)
 .text.create_chain
                0x0000000000001da2      0x27c /home/didier/avr/template/lib/libfatfs_atmega2560.a(ff_atmega2560.o)
 .text.dir_next
                0x000000000000201e      0x1d4 /home/didier/avr/template/lib/libfatfs_atmega2560.a(ff_atmega2560.o)
 .text.follow_path
                0x00000000000021f2      0x29e /home/didier/avr/template/lib/libfatfs_atmega2560.a(ff_atmega2560.o)
 .text.dir_read.constprop.12
                0x0000000000002490       0x84 /home/didier/avr/template/lib/libfatfs_atmega2560.a(ff_atmega2560.o)
 .text.dir_register
                0x0000000000002514       0x90 /home/didier/avr/template/lib/libfatfs_atmega2560.a(ff_atmega2560.o)
 .text.remove_chain
                0x00000000000025a4      0x128 /home/didier/avr/template/lib/libfatfs_atmega2560.a(ff_atmega2560.o)
 .text.sync_fs  0x00000000000026cc       0xee /home/didier/avr/template/lib/libfatfs_atmega2560.a(ff_atmega2560.o)
 .text.f_mount  0x00000000000027ba       0x8e /home/didier/avr/template/lib/libfatfs_atmega2560.a(ff_atmega2560.o)
                0x00000000000027ba                f_mount
 .text.f_open   0x0000000000002848      0x378 /home/didier/avr/template/lib/libfatfs_atmega2560.a(ff_atmega2560.o)
                0x0000000000002848                f_open
 .text.f_read   0x0000000000002bc0      0x2ac /home/didier/avr/template/lib/libfatfs_atmega2560.a(ff_atmega2560.o)
                0x0000000000002bc0                f_read
 .text.f_sync   0x0000000000002e6c       0xb0 /home/didier/avr/template/lib/libfatfs_atmega2560.a(ff_atmega2560.o)
                0x0000000000002e6c                f_sync
 .text.f_close  0x0000000000002f1c       0x3e /home/didier/avr/template/lib/libfatfs_atmega2560.a(ff_atmega2560.o)
                0x0000000000002f1c                f_close
 .text.f_lseek  0x0000000000002f5a      0x33a /home/didier/avr/template/lib/libfatfs_atmega2560.a(ff_atmega2560.o)
                0x0000000000002f5a                f_lseek
 .text.f_opendir
                0x0000000000003294       0xba /home/didier/avr/template/lib/libfatfs_atmega2560.a(ff_atmega2560.o)
                0x0000000000003294                f_opendir
 .text.f_closedir
                0x000000000000334e       0x34 /home/didier/avr/template/lib/libfatfs_atmega2560.a(ff_atmega2560.o)
                0x000000000000334e                f_closedir
 .text.f_readdir
                0x0000000000003382       0x8e /home/didier/avr/template/lib/libfatfs_atmega2560.a(ff_atmega2560.o)
                0x0000000000003382                f_readdir
 .text.disk_status
                0x0000000000003410       0x22 /home/didier/avr/template/lib/libfatfs_atmega2560.a(diskio_atmega2560.o)
                0x0000000000003410                disk_status
 .text.disk_initialize
                0x0000000000003432       0x30 /home/didier/avr/template/lib/libfatfs_atmega2560.a(diskio_atmega2560.o)
                0x0000000000003432                disk_initialize
 .text.disk_read
                0x0000000000003462       0x82 /home/didier/avr/template/lib/libfatfs_atmega2560.a(diskio_atmega2560.o)
                0x0000000000003462                disk_read
 .text.disk_write
                0x00000000000034e4       0x82 /home/didier/avr/template/lib/libfatfs_atmega2560.a(diskio_atmega2560.o)
                0x00000000000034e4                disk_write
 .text.disk_ioctl
                0x0000000000003566       0x52 /home/didier/avr/template/lib/libfatfs_atmega2560.a(diskio_atmega2560.o)
                0x0000000000003566                disk_ioctl
 .text.sd_crc7_byte
                0x00000000000035b8       0x16 /home/didier/avr/template/lib/libsdcard_atmega2560.a(sdcard_atmega2560.o)
                0x00000000000035b8                sd_crc7_byte
 .text.sd_cmd   0x00000000000035ce       0x90 /home/didier/avr/template/lib/libsdcard_atmega2560.a(sdcard_atmega2560.o)
                0x00000000000035ce                sd_cmd
 .text.sd_power_up
                0x000000000000365e       0x4a /home/didier/avr/template/lib/libsdcard_atmega2560.a(sdcard_atmega2560.o)
                0x000000000000365e                sd_power_up
 .text.sd_go_idle_state
                0x00000000000036a8       0x3c /home/didier/avr/template/lib/libsdcard_atmega2560.a(sdcard_atmega2560.o)
                0x00000000000036a8                sd_go_idle_state
 .text.sd_send_if_cond
                0x00000000000036e4       0x68 /home/didier/avr/template/lib/libsdcard_atmega2560.a(sdcard_atmega2560.o)
                0x00000000000036e4                sd_send_if_cond
 .text.sd_read_ocr
                0x000000000000374c       0x68 /home/didier/avr/template/lib/libsdcard_atmega2560.a(sdcard_atmega2560.o)
                0x000000000000374c                sd_read_ocr
 .text.sd_send_app
                0x00000000000037b4       0x3c /home/didier/avr/template/lib/libsdcard_atmega2560.a(sdcard_atmega2560.o)
                0x00000000000037b4                sd_send_app
 .text.sd_send_op_cond
                0x00000000000037f0       0x42 /home/didier/avr/template/lib/libsdcard_atmega2560.a(sdcard_atmega2560.o)
                0x00000000000037f0                sd_send_op_cond
 .text.sd_set_blocklen
                0x0000000000003832       0x3c /home/didier/avr/template/lib/libsdcard_atmega2560.a(sdcard_atmega2560.o)
                0x0000000000003832                sd_set_blocklen
 .text.sd_init  0x000000000000386e      0x15a /home/didier/avr/template/lib/libsdcard_atmega2560.a(sdcard_atmega2560.o)
                0x000000000000386e                sd_init
 .text.sd_read  0x00000000000039c8      0x116 /home/didier/avr/template/lib/libsdcard_atmega2560.a(sdcard_atmega2560.o)
                0x00000000000039c8                sd_read
 .text.sd_write
                0x0000000000003ade      0x154 /home/didier/avr/template/lib/libsdcard_atmega2560.a(sdcard_atmega2560.o)
                0x0000000000003ade                sd_write
 .text.spi_cs_low
                0x0000000000003c32        0x6 /home/didier/avr/template/lib/libspi_atmega2560.a(spi_atmega2560.o)
                0x0000000000003c32                spi_cs_low
 .text.spi_cs_high
                0x0000000000003c38        0x6 /home/didier/avr/template/lib/libspi_atmega2560.a(spi_atmega2560.o)
                0x0000000000003c38                spi_cs_high
 .text.spi_set_divisor
                0x0000000000003c3e       0x22 /home/didier/avr/template/lib/libspi_atmega2560.a(spi_atmega2560.o)
                0x0000000000003c3e                spi_set_divisor
 .text.spi_set_mode
                0x0000000000003c60       0x1c /home/didier/avr/template/lib/libspi_atmega2560.a(spi_atmega2560.o)
                0x0000000000003c60                spi_set_mode
 .text.spi_calculate_divisor
                0x0000000000003c7c       0x26 /home/didier/avr/template/lib/libspi_atmega2560.a(spi_atmega2560.o)
                0x0000000000003c7c                spi_calculate_divisor
 .text.spi_set_frequency_khz
                0x0000000000003ca2        0x8 /home/didier/avr/template/lib/libspi_atmega2560.a(spi_atmega2560.o)
                0x0000000000003ca2                spi_set_frequency_khz
 .text.spi_init
                0x0000000000003caa       0x38 /home/didier/avr/template/lib/libspi_atmega2560.a(spi_atmega2560.o)
                0x0000000000003caa                spi_init
 .text.spi_transfer
                0x0000000000003ce2        0xc /home/didier/avr/template/lib/libspi_atmega2560.a(spi_atmega2560.o)
                0x0000000000003ce2                spi_transfer
 .text.timer_start
                0x0000000000003cee       0x1c /home/didier/avr/template/lib/libtimer_atmega2560.a(timer_atmega2560.o)
                0x0000000000003cee                timer_start
 .text.timer_stop
                0x0000000000003d0a        0xa /home/didier/avr/template/lib/libtimer_atmega2560.a(timer_atmega2560.o)
                0x0000000000003d0a                timer_stop
 .text.timer_read
                0x0000000000003d14        0xe /home/didier/avr/template/lib/libtimer_atmega2560.a(timer_atmega2560.o)
                0x0000000000003d14                timer_read
 .text.timer_delay_ticks
                0x0000000000003d22       0x1c /home/didier/avr/template/lib/libtimer_atmega2560.a(timer_atmega2560.o)
                0x0000000000003d22                timer_delay_ticks
 .text.timer_delay_ms
                0x0000000000003d3e       0x2a /home/didier/avr/template/lib/libtimer_atmega2560.a(timer_atmega2560.o)
                0x0000000000003d3e                timer_delay_ms
 .text.libgcc.div
                0x0000000000003d68       0x28 /usr/lib/gcc/avr/5.4.0/avr6/libgcc.a(_udivmodhi4.o)
                0x0000000000003d68                __udivmodhi4
 .text.libgcc.div
                0x0000000000003d90       0x44 /usr/lib/gcc/avr/5.4.0/avr6/libgcc.a(_udivmodsi4.o)
                0x0000000000003d90                __udivmodsi4
 .text.libgcc   0x0000000000003dd4       0x10 /usr/lib/gcc/avr/5.4.0/avr6/libgcc.a(_tablejump2.o)
                0x0000000000003dd4                __tablejump2__
 .text.libgcc.mul
                0x0000000000003de4       0x16 /usr/lib/gcc/avr/5.4.0/avr6/libgcc.a(_muluhisi3.o)
                0x0000000000003de4                __muluhisi3
 .text.libgcc.mul
                0x0000000000003dfa       0x1e /usr/lib/gcc/avr/5.4.0/avr6/libgcc.a(_umulhisi3.o)
                0x0000000000003dfa                __umulhisi3
 .text.avr-libc
                0x0000000000003e18       0x1a /usr/lib/gcc/avr/5.4.0/../../../avr/lib/avr6/libc.a(memcmp.o)
                0x0000000000003e18                memcmp
 .text.avr-libc
                0x0000000000003e32       0x12 /usr/lib/gcc/avr/5.4.0/../../../avr/lib/avr6/libc.a(memcpy.o)
                0x0000000000003e32                memcpy
 .text.avr-libc
                0x0000000000003e44        0xe /usr/lib/gcc/avr/5.4.0/../../../avr/lib/avr6/libc.a(memset.o)
                0x0000000000003e44                memset
 .text.avr-libc
                0x0000000000003e52       0x16 /usr/lib/gcc/avr/5.4.0/../../../avr/lib/avr6/libc.a(strchr.o)
                0x0000000000003e52                strchr
 .text.avr-libc
                0x0000000000003e68       0x7c /usr/lib/gcc/avr/5.4.0/../../../avr/lib/avr6/libc.a(fgetc.o)
                0x0000000000003e68                fgetc
 .text.avr-libc
                0x0000000000003ee4       0x12 /usr/lib/gcc/avr/5.4.0/../../../avr/lib/avr6/libc.a(strcmp.o)
                0x0000000000003ee4                strcmp
 .text.avr-libc
                0x0000000000003ef6        0xe /usr/lib/gcc/avr/5.4.0/../../../avr/lib/avr6/libc.a(strcpy.o)
                0x0000000000003ef6                strcpy
 .text.avr-libc
                0x0000000000003f04       0x28 /usr/lib/gcc/avr/5.4.0/../../../avr/lib/avr6/libc.a(printf.o)
                0x0000000000003f04                printf
 .text.avr-libc
                0x0000000000003f2c        0xc /usr/lib/gcc/avr/5.4.0/../../../avr/lib/avr6/libc.a(putchar.o)
                0x0000000000003f2c                putchar
 .text.avr-libc
                0x0000000000003f38       0x60 /usr/lib/gcc/avr/5.4.0/../../../avr/lib/avr6/libc.a(puts.o)
                0x0000000000003f38                puts
 .text.avr-libc
                0x0000000000003f98       0x28 /usr/lib/gcc/avr/5.4.0/../../../avr/lib/avr6/libc.a(scanf.o)
                0x0000000000003f98                scanf
 .text.avr-libc
                0x0000000000003fc0      0x414 /usr/lib/gcc/avr/5.4.0/../../../avr/lib/avr6/libc.a(vfprintf_std.o)
                0x0000000000003fc0                vfprintf
 .text.avr-libc
                0x00000000000043d4      0x5c8 /usr/lib/gcc/avr/5.4.0/../../../avr/lib/avr6/libc.a(vfscanf_std.o)
                0x0000000000004752                vfscanf
 .text.avr-libc
                0x000000000000499c       0x12 /usr/lib/gcc/avr/5.4.0/../../../avr/lib/avr6/libc.a(isspace.o)
                0x000000000000499c                isspace
 .text.avr-libc
                0x00000000000049ae       0x16 /usr/lib/gcc/avr/5.4.0/../../../avr/lib/avr6/libc.a(strchr_P.o)
                0x00000000000049ae                strchr_P
 .text.avr-libc
                0x00000000000049c4       0x16 /usr/lib/gcc/avr/5.4.0/../../../avr/lib/avr6/libc.a(strnlen_P.o)
                0x00000000000049c4                strnlen_P
 .text.avr-libc
                0x00000000000049da       0x16 /usr/lib/gcc/avr/5.4.0/../../../avr/lib/avr6/libc.a(strnlen.o)
                0x00000000000049da                strnlen
 .text.avr-libc
                0x00000000000049f0       0x78 /usr/lib/gcc/avr/5.4.0/../../../avr/lib/avr6/libc.a(fputc.o)
                0x00000000000049f0                fputc
 .text.avr-libc
                0x0000000000004a68       0x32 /usr/lib/gcc/avr/5.4.0/../../../avr/lib/avr6/libc.a(ungetc.o)
                0x0000000000004a68                ungetc
 .text.avr-libc
                0x0000000000004a9a       0xbc /usr/lib/gcc/avr/5.4.0/../../../avr/lib/avr6/libc.a(ultoa_invert.o)
                0x0000000000004a9a                __ultoa_invert
 .text.avr-libc
                0x0000000000004b56        0x6 /usr/lib/gcc/avr/5.4.0/../../../avr/lib/avr6/libc.a(cty_isfalse.o)
                0x0000000000004b56                __ctype_isfalse
                0x0000000000004b5a                __ctype_istrue
                0x0000000000004b5c                . = ALIGN (0x2)
 *(.fini9)
 .fini9         0x0000000000004b5c        0x0 /usr/lib/gcc/avr/5.4.0/avr6/libgcc.a(_exit.o)
                0x0000000000004b5c                exit
                0x0000000000004b5c                _exit
 *(.fini9)
 *(.fini8)
 *(.fini8)
 *(.fini7)
 *(.fini7)
 *(.fini6)
 *(.fini6)
 *(.fini5)
 *(.fini5)
 *(.fini4)
 *(.fini4)
 *(.fini3)
 *(.fini3)
 *(.fini2)
 *(.fini2)
 *(.fini1)
 *(.fini1)
 *(.fini0)
 .fini0         0x0000000000004b5c        0x4 /usr/lib/gcc/avr/5.4.0/avr6/libgcc.a(_exit.o)
 *(.fini0)
                0x0000000000004b60                _etext = .

.data           0x0000000000800200      0x61a load address 0x0000000000004b60
                0x0000000000800200                PROVIDE (__data_start, .)
 *(.data)
 .data          0x0000000000800200       0x1c /tmp/ccXgYX5u.ltrans0.ltrans.o
 *(.data*)
 .data.nodisk   0x000000000080021c        0x1 /home/didier/avr/template/lib/libfatfs_atmega2560.a(diskio_atmega2560.o)
 *(.gnu.linkonce.d*)
 *(.rodata)
 *(.rodata*)
 .rodata.str1.1
                0x000000000080021d      0x565 /tmp/ccXgYX5u.ltrans0.ltrans.o
                                        0x5b3 (size before relaxing)
 .rodata.str1.1
                0x0000000000800782       0x18 /home/didier/avr/template/lib/libfatfs_atmega2560.a(ff_atmega2560.o)
 .rodata.ExCvt  0x000000000080079a       0x80 /home/didier/avr/template/lib/libfatfs_atmega2560.a(ff_atmega2560.o)
 *(.gnu.linkonce.r*)
                0x000000000080081a                . = ALIGN (0x2)
                0x000000000080081a                _edata = .
                0x000000000080081a                PROVIDE (__data_end, .)

.bss            0x000000000080081a     0x1224
                0x000000000080081a                PROVIDE (__bss_start, .)
 *(.bss)
 .bss           0x000000000080081a     0x1216 /tmp/ccXgYX5u.ltrans0.ltrans.o
 *(.bss*)
 .bss.Fsid      0x0000000000801a30        0x2 /home/didier/avr/template/lib/libfatfs_atmega2560.a(ff_atmega2560.o)
 .bss.FatFs     0x0000000000801a32        0x2 /home/didier/avr/template/lib/libfatfs_atmega2560.a(ff_atmega2560.o)
 .bss.protected
                0x0000000000801a34        0x1 /home/didier/avr/template/lib/libfatfs_atmega2560.a(diskio_atmega2560.o)
 .bss.initialized
                0x0000000000801a35        0x1 /home/didier/avr/template/lib/libfatfs_atmega2560.a(diskio_atmega2560.o)
 .bss.timer_running
                0x0000000000801a36        0x1 /home/didier/avr/template/lib/libtimer_atmega2560.a(timer_atmega2560.o)
 *(COMMON)
 COMMON         0x0000000000801a37        0x1 /home/didier/avr/template/lib/libsdcard_atmega2560.a(sdcard_atmega2560.o)
                0x0000000000801a37                sdcard_type
 COMMON         0x0000000000801a38        0x6 /usr/lib/gcc/avr/5.4.0/../../../avr/lib/avr6/libc.a(iob.o)
                0x0000000000801a38                __iob
                0x0000000000801a3e                PROVIDE (__bss_end, .)
                0x0000000000004b60                __data_load_start = LOADADDR (.data)
                0x000000000000517a                __data_load_end = (__data_load_start + SIZEOF (.data))

.noinit         0x0000000000801a3e        0x0
                [!provide]                        PROVIDE (__noinit_start, .)
 *(.noinit*)
                [!provide]                        PROVIDE (__noinit_end, .)
                0x0000000000801a3e                _end = .
                [!provide]                        PROVIDE (__heap_start, .)

.eeprom         0x0000000000810000        0x0
 *(.eeprom*)
                0x0000000000810000                __eeprom_end = .

.fuse
 *(.fuse)
 *(.lfuse)
 *(.hfuse)
 *(.efuse)

.lock
 *(.lock*)

.signature
 *(.signature*)

.user_signatures
 *(.user_signatures*)

.stab
 *(.stab)

.stabstr
 *(.stabstr)

.stab.excl
 *(.stab.excl)

.stab.exclstr
 *(.stab.exclstr)

.stab.index
 *(.stab.index)

.stab.indexstr
 *(.stab.indexstr)

.comment        0x0000000000000000       0x11
 *(.comment)
 .comment       0x0000000000000000       0x12 /tmp/ccXgYX5u.ltrans0.ltrans.o
 .comment       0x0000000000000000       0x11 /home/didier/avr/template/lib/libfatfs_atmega2560.a(ff_atmega2560.o)
                                         0x12 (size before relaxing)
 .comment       0x0000000000000011       0x12 /home/didier/avr/template/lib/libfatfs_atmega2560.a(diskio_atmega2560.o)
 .comment       0x0000000000000011       0x12 /home/didier/avr/template/lib/libsdcard_atmega2560.a(sdcard_atmega2560.o)
 .comment       0x0000000000000011       0x12 /home/didier/avr/template/lib/libspi_atmega2560.a(spi_atmega2560.o)
 .comment       0x0000000000000011       0x12 /home/didier/avr/template/lib/libtimer_atmega2560.a(timer_atmega2560.o)
 .comment       0x0000000000000011       0x12 /usr/lib/gcc/avr/5.4.0/../../../avr/lib/avr6/libc.a(fgetc.o)
 .comment       0x0000000000000011       0x12 /usr/lib/gcc/avr/5.4.0/../../../avr/lib/avr6/libc.a(iob.o)
 .comment       0x0000000000000011       0x12 /usr/lib/gcc/avr/5.4.0/../../../avr/lib/avr6/libc.a(printf.o)
 .comment       0x0000000000000011       0x12 /usr/lib/gcc/avr/5.4.0/../../../avr/lib/avr6/libc.a(putchar.o)
 .comment       0x0000000000000011       0x12 /usr/lib/gcc/avr/5.4.0/../../../avr/lib/avr6/libc.a(puts.o)
 .comment       0x0000000000000011       0x12 /usr/lib/gcc/avr/5.4.0/../../../avr/lib/avr6/libc.a(scanf.o)
 .comment       0x0000000000000011       0x12 /usr/lib/gcc/avr/5.4.0/../../../avr/lib/avr6/libc.a(vfprintf_std.o)
 .comment       0x0000000000000011       0x12 /usr/lib/gcc/avr/5.4.0/../../../avr/lib/avr6/libc.a(vfscanf_std.o)
 .comment       0x0000000000000011       0x12 /usr/lib/gcc/avr/5.4.0/../../../avr/lib/avr6/libc.a(fputc.o)
 .comment       0x0000000000000011       0x12 /usr/lib/gcc/avr/5.4.0/../../../avr/lib/avr6/libc.a(ungetc.o)

.note.gnu.avr.deviceinfo
                0x0000000000000000       0x40
 .note.gnu.avr.deviceinfo
                0x0000000000000000       0x40 /usr/lib/gcc/avr/5.4.0/../../../avr/lib/avr6/crtatmega2560.o

.note.gnu.build-id
 *(.note.gnu.build-id)

.debug
 *(.debug)

.line
 *(.line)

.debug_srcinfo
 *(.debug_srcinfo)

.debug_sfnames
 *(.debug_sfnames)

.debug_aranges
 *(.debug_aranges)

.debug_pubnames
 *(.debug_pubnames)

.debug_info     0x0000000000000000      0xbbc
 *(.debug_info .gnu.linkonce.wi.*)
 .debug_info    0x0000000000000000      0xbbc /usr/lib/gcc/avr/5.4.0/../../../avr/lib/avr6/crtatmega2560.o

.debug_abbrev   0x0000000000000000      0xb1a
 *(.debug_abbrev)
 .debug_abbrev  0x0000000000000000      0xb1a /usr/lib/gcc/avr/5.4.0/../../../avr/lib/avr6/crtatmega2560.o

.debug_line     0x0000000000000000       0x1a
 *(.debug_line .debug_line.* .debug_line_end)
 .debug_line    0x0000000000000000       0x1a /usr/lib/gcc/avr/5.4.0/../../../avr/lib/avr6/crtatmega2560.o

.debug_frame
 *(.debug_frame)

.debug_str      0x0000000000000000      0x3e6
 *(.debug_str)
 .debug_str     0x0000000000000000      0x3e6 /usr/lib/gcc/avr/5.4.0/../../../avr/lib/avr6/crtatmega2560.o

.debug_loc
 *(.debug_loc)

.debug_macinfo
 *(.debug_macinfo)

.debug_weaknames
 *(.debug_weaknames)

.debug_funcnames
 *(.debug_funcnames)

.debug_typenames
 *(.debug_typenames)

.debug_varnames
 *(.debug_varnames)

.debug_pubtypes
 *(.debug_pubtypes)

.debug_ranges
 *(.debug_ranges)

.debug_macro
 *(.debug_macro)
OUTPUT(build/dskbrowser.elf elf32-avr)
LOAD linker stubs

Cross Reference Table

Symbol                                            File
__DATA_REGION_LENGTH__                            /usr/lib/gcc/avr/5.4.0/../../../avr/lib/avr6/crtatmega2560.o
__DATA_REGION_ORIGIN__                            /usr/lib/gcc/avr/5.4.0/../../../avr/lib/avr6/crtatmega2560.o
__EEPROM_REGION_LENGTH__                          /usr/lib/gcc/avr/5.4.0/../../../avr/lib/avr6/crtatmega2560.o
__FUSE_REGION_LENGTH__                            /usr/lib/gcc/avr/5.4.0/../../../avr/lib/avr6/crtatmega2560.o
__TEXT_REGION_LENGTH__                            /usr/lib/gcc/avr/5.4.0/../../../avr/lib/avr6/crtatmega2560.o
__bad_interrupt                                   /usr/lib/gcc/avr/5.4.0/../../../avr/lib/avr6/crtatmega2560.o
__bss_end                                         /usr/lib/gcc/avr/5.4.0/avr6/libgcc.a(_clear_bss.o)
__bss_start                                       /usr/lib/gcc/avr/5.4.0/avr6/libgcc.a(_clear_bss.o)
__ctype_isfalse                                   /usr/lib/gcc/avr/5.4.0/../../../avr/lib/avr6/libc.a(cty_isfalse.o)
                                                  /usr/lib/gcc/avr/5.4.0/../../../avr/lib/avr6/libc.a(isspace.o)
__ctype_istrue                                    /usr/lib/gcc/avr/5.4.0/../../../avr/lib/avr6/libc.a(cty_isfalse.o)
__data_end                                        /usr/lib/gcc/avr/5.4.0/avr6/libgcc.a(_copy_data.o)
__data_load_start                                 /usr/lib/gcc/avr/5.4.0/avr6/libgcc.a(_copy_data.o)
__data_start                                      /usr/lib/gcc/avr/5.4.0/avr6/libgcc.a(_copy_data.o)
__do_clear_bss                                    /usr/lib/gcc/avr/5.4.0/avr6/libgcc.a(_clear_bss.o)
                                                  /tmp/ccXgYX5u.ltrans0.ltrans.o
                                                  /usr/lib/gcc/avr/5.4.0/../../../avr/lib/avr6/libc.a(iob.o)
                                                  /home/didier/avr/template/lib/libtimer_atmega2560.a(timer_atmega2560.o)
                                                  /home/didier/avr/template/lib/libsdcard_atmega2560.a(sdcard_atmega2560.o)
                                                  /home/didier/avr/template/lib/libfatfs_atmega2560.a(diskio_atmega2560.o)
                                                  /home/didier/avr/template/lib/libfatfs_atmega2560.a(ff_atmega2560.o)
__do_copy_data                                    /usr/lib/gcc/avr/5.4.0/avr6/libgcc.a(_copy_data.o)
                                                  /tmp/ccXgYX5u.ltrans0.ltrans.o
                                                  /home/didier/avr/template/lib/libsdcard_atmega2560.a(sdcard_atmega2560.o)
                                                  /home/didier/avr/template/lib/libfatfs_atmega2560.a(diskio_atmega2560.o)
                                                  /home/didier/avr/template/lib/libfatfs_atmega2560.a(ff_atmega2560.o)
__heap_end                                        /usr/lib/gcc/avr/5.4.0/../../../avr/lib/avr6/crtatmega2560.o
__init                                            /usr/lib/gcc/avr/5.4.0/../../../avr/lib/avr6/crtatmega2560.o
__iob                                             /usr/lib/gcc/avr/5.4.0/../../../avr/lib/avr6/libc.a(iob.o)
                                                  /usr/lib/gcc/avr/5.4.0/../../../avr/lib/avr6/libc.a(scanf.o)
                                                  /usr/lib/gcc/avr/5.4.0/../../../avr/lib/avr6/libc.a(puts.o)
                                                  /usr/lib/gcc/avr/5.4.0/../../../avr/lib/avr6/libc.a(putchar.o)
                                                  /usr/lib/gcc/avr/5.4.0/../../../avr/lib/avr6/libc.a(printf.o)
                                                  /tmp/ccXgYX5u.ltrans0.ltrans.o
                                                  build/uart_console.o (symbol from plugin)
                                                  build/dskbrowser.o (symbol from plugin)
__muluhisi3                                       /usr/lib/gcc/avr/5.4.0/avr6/libgcc.a(_muluhisi3.o)
                                                  /home/didier/avr/template/lib/libfatfs_atmega2560.a(ff_atmega2560.o)
__stack                                           /usr/lib/gcc/avr/5.4.0/../../../avr/lib/avr6/crtatmega2560.o
__tablejump2__                                    /usr/lib/gcc/avr/5.4.0/avr6/libgcc.a(_tablejump2.o)
                                                  /home/didier/avr/template/lib/libsdcard_atmega2560.a(sdcard_atmega2560.o)
__udivmodhi4                                      /usr/lib/gcc/avr/5.4.0/avr6/libgcc.a(_udivmodhi4.o)
                                                  /home/didier/avr/template/lib/libtimer_atmega2560.a(timer_atmega2560.o)
                                                  /home/didier/avr/template/lib/libspi_atmega2560.a(spi_atmega2560.o)
__udivmodsi4                                      /usr/lib/gcc/avr/5.4.0/avr6/libgcc.a(_udivmodsi4.o)
                                                  /home/didier/avr/template/lib/libtimer_atmega2560.a(timer_atmega2560.o)
                                                  /home/didier/avr/template/lib/libfatfs_atmega2560.a(ff_atmega2560.o)
__ultoa_invert                                    /usr/lib/gcc/avr/5.4.0/../../../avr/lib/avr6/libc.a(ultoa_invert.o)
                                                  /usr/lib/gcc/avr/5.4.0/../../../avr/lib/avr6/libc.a(vfprintf_std.o)
__umulhisi3                                       /usr/lib/gcc/avr/5.4.0/avr6/libgcc.a(_umulhisi3.o)
                                                  /usr/lib/gcc/avr/5.4.0/avr6/libgcc.a(_muluhisi3.o)
__vector_1                                        /usr/lib/gcc/avr/5.4.0/../../../avr/lib/avr6/crtatmega2560.o
__vector_10                                       /usr/lib/gcc/avr/5.4.0/../../../avr/lib/avr6/crtatmega2560.o
__vector_11                                       /usr/lib/gcc/avr/5.4.0/../../../avr/lib/avr6/crtatmega2560.o
__vector_12                                       /usr/lib/gcc/avr/5.4.0/../../../avr/lib/avr6/crtatmega2560.o
__vector_13                                       /usr/lib/gcc/avr/5.4.0/../../../avr/lib/avr6/crtatmega2560.o
__vector_14                                       /usr/lib/gcc/avr/5.4.0/../../../avr/lib/avr6/crtatmega2560.o
__vector_15                                       /usr/lib/gcc/avr/5.4.0/../../../avr/lib/avr6/crtatmega2560.o
__vector_16                                       /usr/lib/gcc/avr/5.4.0/../../../avr/lib/avr6/crtatmega2560.o
__vector_17                                       /usr/lib/gcc/avr/5.4.0/../../../avr/lib/avr6/crtatmega2560.o
__vector_18                                       /usr/lib/gcc/avr/5.4.0/../../../avr/lib/avr6/crtatmega2560.o
__vector_19                                       /usr/lib/gcc/avr/5.4.0/../../../avr/lib/avr6/crtatmega2560.o
__vector_2                                        /usr/lib/gcc/avr/5.4.0/../../../avr/lib/avr6/crtatmega2560.o
__vector_20                                       /usr/lib/gcc/avr/5.4.0/../../../avr/lib/avr6/crtatmega2560.o
__vector_21                                       /usr/lib/gcc/avr/5.4.0/../../../avr/lib/avr6/crtatmega2560.o
__vector_22                                       /usr/lib/gcc/avr/5.4.0/../../../avr/lib/avr6/crtatmega2560.o
__vector_23                                       /usr/lib/gcc/avr/5.4.0/../../../avr/lib/avr6/crtatmega2560.o
__vector_24                                       /usr/lib/gcc/avr/5.4.0/../../../avr/lib/avr6/crtatmega2560.o
__vector_25                                       /usr/lib/gcc/avr/5.4.0/../../../avr/lib/avr6/crtatmega2560.o
__vector_26                                       /usr/lib/gcc/avr/5.4.0/../../../avr/lib/avr6/crtatmega2560.o
__vector_27                                       /usr/lib/gcc/avr/5.4.0/../../../avr/lib/avr6/crtatmega2560.o
__vector_28                                       /usr/lib/gcc/avr/5.4.0/../../../avr/lib/avr6/crtatmega2560.o
__vector_29                                       /usr/lib/gcc/avr/5.4.0/../../../avr/lib/avr6/crtatmega2560.o
__vector_3                                        /usr/lib/gcc/avr/5.4.0/../../../avr/lib/avr6/crtatmega2560.o
__vector_30                                       /usr/lib/gcc/avr/5.4.0/../../../avr/lib/avr6/crtatmega2560.o
__vector_31                                       /usr/lib/gcc/avr/5.4.0/../../../avr/lib/avr6/crtatmega2560.o
__vector_32                                       /usr/lib/gcc/avr/5.4.0/../../../avr/lib/avr6/crtatmega2560.o
__vector_33                                       /usr/lib/gcc/avr/5.4.0/../../../avr/lib/avr6/crtatmega2560.o
__vector_34                                       /usr/lib/gcc/avr/5.4.0/../../../avr/lib/avr6/crtatmega2560.o
__vector_35                                       /usr/lib/gcc/avr/5.4.0/../../../avr/lib/avr6/crtatmega2560.o
__vector_36                                       /usr/lib/gcc/avr/5.4.0/../../../avr/lib/avr6/crtatmega2560.o
__vector_37                                       /usr/lib/gcc/avr/5.4.0/../../../avr/lib/avr6/crtatmega2560.o
__vector_38                                       /usr/lib/gcc/avr/5.4.0/../../../avr/lib/avr6/crtatmega2560.o
__vector_39                                       /usr/lib/gcc/avr/5.4.0/../../../avr/lib/avr6/crtatmega2560.o
__vector_4                                        /usr/lib/gcc/avr/5.4.0/../../../avr/lib/avr6/crtatmega2560.o
__vector_40                                       /usr/lib/gcc/avr/5.4.0/../../../avr/lib/avr6/crtatmega2560.o
__vector_41                                       /usr/lib/gcc/avr/5.4.0/../../../avr/lib/avr6/crtatmega2560.o
__vector_42                                       /usr/lib/gcc/avr/5.4.0/../../../avr/lib/avr6/crtatmega2560.o
__vector_43                                       /usr/lib/gcc/avr/5.4.0/../../../avr/lib/avr6/crtatmega2560.o
__vector_44                                       /usr/lib/gcc/avr/5.4.0/../../../avr/lib/avr6/crtatmega2560.o
__vector_45                                       /usr/lib/gcc/avr/5.4.0/../../../avr/lib/avr6/crtatmega2560.o
__vector_46                                       /usr/lib/gcc/avr/5.4.0/../../../avr/lib/avr6/crtatmega2560.o
__vector_47                                       /usr/lib/gcc/avr/5.4.0/../../../avr/lib/avr6/crtatmega2560.o
__vector_48                                       /usr/lib/gcc/avr/5.4.0/../../../avr/lib/avr6/crtatmega2560.o
__vector_49                                       /usr/lib/gcc/avr/5.4.0/../../../avr/lib/avr6/crtatmega2560.o
__vector_5                                        /usr/lib/gcc/avr/5.4.0/../../../avr/lib/avr6/crtatmega2560.o
__vector_50                                       /usr/lib/gcc/avr/5.4.0/../../../avr/lib/avr6/crtatmega2560.o
__vector_51                                       /usr/lib/gcc/avr/5.4.0/../../../avr/lib/avr6/crtatmega2560.o
__vector_52                                       /usr/lib/gcc/avr/5.4.0/../../../avr/lib/avr6/crtatmega2560.o
__vector_53                                       /usr/lib/gcc/avr/5.4.0/../../../avr/lib/avr6/crtatmega2560.o
__vector_54                                       /usr/lib/gcc/avr/5.4.0/../../../avr/lib/avr6/crtatmega2560.o
__vector_55                                       /usr/lib/gcc/avr/5.4.0/../../../avr/lib/avr6/crtatmega2560.o
__vector_56                                       /usr/lib/gcc/avr/5.4.0/../../../avr/lib/avr6/crtatmega2560.o
__vector_6                                        /usr/lib/gcc/avr/5.4.0/../../../avr/lib/avr6/crtatmega2560.o
__vector_7                                        /usr/lib/gcc/avr/5.4.0/../../../avr/lib/avr6/crtatmega2560.o
__vector_8                                        /usr/lib/gcc/avr/5.4.0/../../../avr/lib/avr6/crtatmega2560.o
__vector_9                                        /usr/lib/gcc/avr/5.4.0/../../../avr/lib/avr6/crtatmega2560.o
__vector_default                                  /usr/lib/gcc/avr/5.4.0/../../../avr/lib/avr6/crtatmega2560.o
__vectors                                         /usr/lib/gcc/avr/5.4.0/../../../avr/lib/avr6/crtatmega2560.o
_exit                                             /usr/lib/gcc/avr/5.4.0/avr6/libgcc.a(_exit.o)
block_browser                                     build/dskbrowser.o (symbol from plugin)
calculate_block_position                          build/dskbrowser.o (symbol from plugin)
console_init                                      build/uart_console.o (symbol from plugin)
                                                  build/dskbrowser.o (symbol from plugin)
disk_initialize                                   /home/didier/avr/template/lib/libfatfs_atmega2560.a(diskio_atmega2560.o)
                                                  /home/didier/avr/template/lib/libfatfs_atmega2560.a(ff_atmega2560.o)
disk_ioctl                                        /home/didier/avr/template/lib/libfatfs_atmega2560.a(diskio_atmega2560.o)
                                                  /home/didier/avr/template/lib/libfatfs_atmega2560.a(ff_atmega2560.o)
disk_operations_menu                              build/dskbrowser.o (symbol from plugin)
disk_read                                         /home/didier/avr/template/lib/libfatfs_atmega2560.a(diskio_atmega2560.o)
                                                  /home/didier/avr/template/lib/libfatfs_atmega2560.a(ff_atmega2560.o)
disk_status                                       /home/didier/avr/template/lib/libfatfs_atmega2560.a(diskio_atmega2560.o)
                                                  /home/didier/avr/template/lib/libfatfs_atmega2560.a(ff_atmega2560.o)
disk_write                                        /home/didier/avr/template/lib/libfatfs_atmega2560.a(diskio_atmega2560.o)
                                                  /home/didier/avr/template/lib/libfatfs_atmega2560.a(ff_atmega2560.o)
dump                                              build/dskbrowser.o (symbol from plugin)
exit                                              /usr/lib/gcc/avr/5.4.0/avr6/libgcc.a(_exit.o)
                                                  /usr/lib/gcc/avr/5.4.0/../../../avr/lib/avr6/crtatmega2560.o
extract_flex_filename                             build/dskbrowser.o (symbol from plugin)
f_close                                           /home/didier/avr/template/lib/libfatfs_atmega2560.a(ff_atmega2560.o)
                                                  /tmp/ccXgYX5u.ltrans0.ltrans.o
                                                  build/dskbrowser.o (symbol from plugin)
f_closedir                                        /home/didier/avr/template/lib/libfatfs_atmega2560.a(ff_atmega2560.o)
                                                  /tmp/ccXgYX5u.ltrans0.ltrans.o
                                                  build/dskbrowser.o (symbol from plugin)
f_getfree                                         /home/didier/avr/template/lib/libfatfs_atmega2560.a(ff_atmega2560.o)
f_lseek                                           /home/didier/avr/template/lib/libfatfs_atmega2560.a(ff_atmega2560.o)
                                                  /tmp/ccXgYX5u.ltrans0.ltrans.o
                                                  build/dskbrowser.o (symbol from plugin)
f_mkdir                                           /home/didier/avr/template/lib/libfatfs_atmega2560.a(ff_atmega2560.o)
f_mount                                           /home/didier/avr/template/lib/libfatfs_atmega2560.a(ff_atmega2560.o)
                                                  /tmp/ccXgYX5u.ltrans0.ltrans.o
                                                  build/dskbrowser.o (symbol from plugin)
f_open                                            /home/didier/avr/template/lib/libfatfs_atmega2560.a(ff_atmega2560.o)
                                                  /tmp/ccXgYX5u.ltrans0.ltrans.o
                                                  build/dskbrowser.o (symbol from plugin)
f_opendir                                         /home/didier/avr/template/lib/libfatfs_atmega2560.a(ff_atmega2560.o)
                                                  /tmp/ccXgYX5u.ltrans0.ltrans.o
                                                  build/dskbrowser.o (symbol from plugin)
f_read                                            /home/didier/avr/template/lib/libfatfs_atmega2560.a(ff_atmega2560.o)
                                                  /tmp/ccXgYX5u.ltrans0.ltrans.o
                                                  build/dskbrowser.o (symbol from plugin)
f_readdir                                         /home/didier/avr/template/lib/libfatfs_atmega2560.a(ff_atmega2560.o)
                                                  /tmp/ccXgYX5u.ltrans0.ltrans.o
                                                  build/dskbrowser.o (symbol from plugin)
f_rename                                          /home/didier/avr/template/lib/libfatfs_atmega2560.a(ff_atmega2560.o)
f_stat                                            /home/didier/avr/template/lib/libfatfs_atmega2560.a(ff_atmega2560.o)
f_sync                                            /home/didier/avr/template/lib/libfatfs_atmega2560.a(ff_atmega2560.o)
f_truncate                                        /home/didier/avr/template/lib/libfatfs_atmega2560.a(ff_atmega2560.o)
f_unlink                                          /home/didier/avr/template/lib/libfatfs_atmega2560.a(ff_atmega2560.o)
f_write                                           /home/didier/avr/template/lib/libfatfs_atmega2560.a(ff_atmega2560.o)
fgetc                                             /usr/lib/gcc/avr/5.4.0/../../../avr/lib/avr6/libc.a(fgetc.o)
                                                  /usr/lib/gcc/avr/5.4.0/../../../avr/lib/avr6/libc.a(vfscanf_std.o)
                                                  /tmp/ccXgYX5u.ltrans0.ltrans.o
                                                  build/dskbrowser.o (symbol from plugin)
fputc                                             /usr/lib/gcc/avr/5.4.0/../../../avr/lib/avr6/libc.a(fputc.o)
                                                  /usr/lib/gcc/avr/5.4.0/../../../avr/lib/avr6/libc.a(vfprintf_std.o)
                                                  /usr/lib/gcc/avr/5.4.0/../../../avr/lib/avr6/libc.a(putchar.o)
get_fattime                                       /tmp/ccXgYX5u.ltrans0.ltrans.o
                                                  build/dskbrowser.o (symbol from plugin)
                                                  /home/didier/avr/template/lib/libfatfs_atmega2560.a(ff_atmega2560.o)
isspace                                           /usr/lib/gcc/avr/5.4.0/../../../avr/lib/avr6/libc.a(isspace.o)
                                                  /usr/lib/gcc/avr/5.4.0/../../../avr/lib/avr6/libc.a(vfscanf_std.o)
main                                              /tmp/ccXgYX5u.ltrans0.ltrans.o
                                                  build/dskbrowser.o (symbol from plugin)
                                                  /usr/lib/gcc/avr/5.4.0/../../../avr/lib/avr6/crtatmega2560.o
memcmp                                            /usr/lib/gcc/avr/5.4.0/../../../avr/lib/avr6/libc.a(memcmp.o)
                                                  /home/didier/avr/template/lib/libfatfs_atmega2560.a(ff_atmega2560.o)
memcpy                                            /usr/lib/gcc/avr/5.4.0/../../../avr/lib/avr6/libc.a(memcpy.o)
                                                  /home/didier/avr/template/lib/libfatfs_atmega2560.a(ff_atmega2560.o)
memset                                            /usr/lib/gcc/avr/5.4.0/../../../avr/lib/avr6/libc.a(memset.o)
                                                  /home/didier/avr/template/lib/libfatfs_atmega2560.a(ff_atmega2560.o)
printf                                            /usr/lib/gcc/avr/5.4.0/../../../avr/lib/avr6/libc.a(printf.o)
                                                  /tmp/ccXgYX5u.ltrans0.ltrans.o
putchar                                           /usr/lib/gcc/avr/5.4.0/../../../avr/lib/avr6/libc.a(putchar.o)
                                                  /tmp/ccXgYX5u.ltrans0.ltrans.o
puts                                              /usr/lib/gcc/avr/5.4.0/../../../avr/lib/avr6/libc.a(puts.o)
                                                  /tmp/ccXgYX5u.ltrans0.ltrans.o
read_disk_block                                   build/dskbrowser.o (symbol from plugin)
read_flex_directory                               build/dskbrowser.o (symbol from plugin)
read_flex_sir                                     build/dskbrowser.o (symbol from plugin)
scan_disk_files                                   build/dskbrowser.o (symbol from plugin)
scanf                                             /usr/lib/gcc/avr/5.4.0/../../../avr/lib/avr6/libc.a(scanf.o)
                                                  /tmp/ccXgYX5u.ltrans0.ltrans.o
sd_cmd                                            /home/didier/avr/template/lib/libsdcard_atmega2560.a(sdcard_atmega2560.o)
sd_crc7_byte                                      /home/didier/avr/template/lib/libsdcard_atmega2560.a(sdcard_atmega2560.o)
sd_error_string                                   /home/didier/avr/template/lib/libsdcard_atmega2560.a(sdcard_atmega2560.o)
sd_go_idle_state                                  /home/didier/avr/template/lib/libsdcard_atmega2560.a(sdcard_atmega2560.o)
sd_init                                           /home/didier/avr/template/lib/libsdcard_atmega2560.a(sdcard_atmega2560.o)
                                                  /home/didier/avr/template/lib/libfatfs_atmega2560.a(diskio_atmega2560.o)
sd_power_up                                       /home/didier/avr/template/lib/libsdcard_atmega2560.a(sdcard_atmega2560.o)
sd_read                                           /home/didier/avr/template/lib/libsdcard_atmega2560.a(sdcard_atmega2560.o)
                                                  /home/didier/avr/template/lib/libfatfs_atmega2560.a(diskio_atmega2560.o)
sd_read_ocr                                       /home/didier/avr/template/lib/libsdcard_atmega2560.a(sdcard_atmega2560.o)
sd_send_app                                       /home/didier/avr/template/lib/libsdcard_atmega2560.a(sdcard_atmega2560.o)
sd_send_if_cond                                   /home/didier/avr/template/lib/libsdcard_atmega2560.a(sdcard_atmega2560.o)
sd_send_op_cond                                   /home/didier/avr/template/lib/libsdcard_atmega2560.a(sdcard_atmega2560.o)
sd_set_blocklen                                   /home/didier/avr/template/lib/libsdcard_atmega2560.a(sdcard_atmega2560.o)
sd_write                                          /home/didier/avr/template/lib/libsdcard_atmega2560.a(sdcard_atmega2560.o)
                                                  /home/didier/avr/template/lib/libfatfs_atmega2560.a(diskio_atmega2560.o)
sdcard_type                                       /home/didier/avr/template/lib/libsdcard_atmega2560.a(sdcard_atmega2560.o)
show_file_menu                                    build/dskbrowser.o (symbol from plugin)
spi_calculate_divisor                             /home/didier/avr/template/lib/libspi_atmega2560.a(spi_atmega2560.o)
spi_cs_high                                       /home/didier/avr/template/lib/libspi_atmega2560.a(spi_atmega2560.o)
                                                  /home/didier/avr/template/lib/libsdcard_atmega2560.a(sdcard_atmega2560.o)
spi_cs_low                                        /home/didier/avr/template/lib/libspi_atmega2560.a(spi_atmega2560.o)
                                                  /home/didier/avr/template/lib/libsdcard_atmega2560.a(sdcard_atmega2560.o)
spi_init                                          /home/didier/avr/template/lib/libspi_atmega2560.a(spi_atmega2560.o)
                                                  /home/didier/avr/template/lib/libsdcard_atmega2560.a(sdcard_atmega2560.o)
spi_set_divisor                                   /home/didier/avr/template/lib/libspi_atmega2560.a(spi_atmega2560.o)
spi_set_frequency_khz                             /home/didier/avr/template/lib/libspi_atmega2560.a(spi_atmega2560.o)
                                                  /home/didier/avr/template/lib/libsdcard_atmega2560.a(sdcard_atmega2560.o)
spi_set_mode                                      /home/didier/avr/template/lib/libspi_atmega2560.a(spi_atmega2560.o)
spi_transfer                                      /home/didier/avr/template/lib/libspi_atmega2560.a(spi_atmega2560.o)
                                                  /home/didier/avr/template/lib/libsdcard_atmega2560.a(sdcard_atmega2560.o)
strchr                                            /usr/lib/gcc/avr/5.4.0/../../../avr/lib/avr6/libc.a(strchr.o)
                                                  /home/didier/avr/template/lib/libfatfs_atmega2560.a(ff_atmega2560.o)
strchr_P                                          /usr/lib/gcc/avr/5.4.0/../../../avr/lib/avr6/libc.a(strchr_P.o)
                                                  /usr/lib/gcc/avr/5.4.0/../../../avr/lib/avr6/libc.a(vfscanf_std.o)
strcmp                                            /usr/lib/gcc/avr/5.4.0/../../../avr/lib/avr6/libc.a(strcmp.o)
                                                  /tmp/ccXgYX5u.ltrans0.ltrans.o
strcpy                                            /usr/lib/gcc/avr/5.4.0/../../../avr/lib/avr6/libc.a(strcpy.o)
                                                  /tmp/ccXgYX5u.ltrans0.ltrans.o
strnlen                                           /usr/lib/gcc/avr/5.4.0/../../../avr/lib/avr6/libc.a(strnlen.o)
                                                  /usr/lib/gcc/avr/5.4.0/../../../avr/lib/avr6/libc.a(vfprintf_std.o)
strnlen_P                                         /usr/lib/gcc/avr/5.4.0/../../../avr/lib/avr6/libc.a(strnlen_P.o)
                                                  /usr/lib/gcc/avr/5.4.0/../../../avr/lib/avr6/libc.a(vfprintf_std.o)
timer_cpu_speed                                   /home/didier/avr/template/lib/libtimer_atmega2560.a(timer_atmega2560.o)
timer_delay_ms                                    /home/didier/avr/template/lib/libtimer_atmega2560.a(timer_atmega2560.o)
                                                  /home/didier/avr/template/lib/libsdcard_atmega2560.a(sdcard_atmega2560.o)
timer_delay_ticks                                 /home/didier/avr/template/lib/libtimer_atmega2560.a(timer_atmega2560.o)
timer_delay_us                                    /home/didier/avr/template/lib/libtimer_atmega2560.a(timer_atmega2560.o)
timer_get_frequency_hz                            /home/didier/avr/template/lib/libtimer_atmega2560.a(timer_atmega2560.o)
timer_get_ticks_per_ms                            /home/didier/avr/template/lib/libtimer_atmega2560.a(timer_atmega2560.o)
timer_get_ticks_per_us                            /home/didier/avr/template/lib/libtimer_atmega2560.a(timer_atmega2560.o)
timer_is_running                                  /home/didier/avr/template/lib/libtimer_atmega2560.a(timer_atmega2560.o)
timer_read                                        /home/didier/avr/template/lib/libtimer_atmega2560.a(timer_atmega2560.o)
timer_start                                       /home/didier/avr/template/lib/libtimer_atmega2560.a(timer_atmega2560.o)
timer_stop                                        /home/didier/avr/template/lib/libtimer_atmega2560.a(timer_atmega2560.o)
timer_ticks_to_ms                                 /home/didier/avr/template/lib/libtimer_atmega2560.a(timer_atmega2560.o)
timer_ticks_to_us                                 /home/didier/avr/template/lib/libtimer_atmega2560.a(timer_atmega2560.o)
uart_available                                    build/uart_console.o (symbol from plugin)
uart_init                                         build/uart_console.o (symbol from plugin)
ungetc                                            /usr/lib/gcc/avr/5.4.0/../../../avr/lib/avr6/libc.a(ungetc.o)
                                                  /usr/lib/gcc/avr/5.4.0/../../../avr/lib/avr6/libc.a(vfscanf_std.o)
vfprintf                                          /usr/lib/gcc/avr/5.4.0/../../../avr/lib/avr6/libc.a(vfprintf_std.o)
                                                  /usr/lib/gcc/avr/5.4.0/../../../avr/lib/avr6/libc.a(printf.o)
vfscanf                                           /usr/lib/gcc/avr/5.4.0/../../../avr/lib/avr6/libc.a(vfscanf_std.o)
                                                  /usr/lib/gcc/avr/5.4.0/../../../avr/lib/avr6/libc.a(scanf.o)
